\documentclass[fontsize=12pt,]{scrreprt}

\usepackage{calc}
\usepackage[a4paper, heightrounded, hmarginratio=1:1, vmarginratio=1:1]{geometry}
\geometry{textheight=0.82\paperheight}

\usepackage{fontspec}

\usepackage{microtype}
\usepackage[ngerman]{babel}
\usepackage[german=guillemets]{csquotes}
\usepackage{changepage}
\usepackage[hidelinks]{hyperref}
\usepackage[absolute,overlay]{textpos}
\usepackage[export]{adjustbox} % loads also graphicx
\usepackage{caption}

\usepackage{scrlayer-scrpage}
\usepackage{supertabular}

%% font setup

%% main font
\usepackage{tgcursor}
\setmainfont{TeX Gyre Cursor}
\newfontfamily\boldfont{TeX Gyre Cursor}

%% license font
\usepackage{cabin}
\newfontfamily\licensefont{Cabin}

%% comments

\usepackage{ulem}

%% todonotes_config: draft, disable
\usepackage[draft, backgroundcolor=white, linecolor=black]{todonotes}

% mark text in draft mode
\makeatletter
\if@todonotes@disabled%
\newcommand{\wiggle}[1]{#1}
\else% \if@todonotes@disabled
\newcommand{\wiggle}[1]{%
   \uwave{#1}%
}
\fi
\makeatother

%% some handy commands

\newcommand{\storytitle}{Abenteuer in der blutigen See}
\newcommand{\storysubtitle}{Schatzsuche auf der Totenkopfinsel}
\newcommand{\storyhalftitle}{Abenteuer in der blutigen See}
\newcommand{\storyauthor}{Josa Wode}
\newcommand{\storychapter}{}%the current chapter (will be redefined for each chapter)
\newcommand{\isbn}{}

\newcommand{\printtitle}{\begin{center}
{\large \storyauthor}

\vspace{0.6cm}
{\huge \storytitle}

\vspace{0.3cm}
{\large \storysubtitle}
\end{center}
}

%% hypersetup

\hypersetup{
    %pdftoolbar=false,
    %pdfmenubar=false,
    pdftitle={Abenteuer in der blutigen See},
    pdfauthor={Josa Wode},
    pdfsubject={Pirat*innengeschichte},
    %pdfcreator={Josa Wode},
    pdfproducer={textstory-to-beautiful-latex-html},
    pdfkeywords={Geschichte, Piraterie, Seefahrt, Abenteuer},
    colorlinks=false,
    urlcolor=blue,
    linkcolor=black
}

%% header and footer

\clearscrheadfoot
\setkomafont{pageheadfoot}{\small\textit}
\ihead{\storytitle}
\chead{\thepage}
\ohead{\storychapter}


%% document

\begin{document}



\thispagestyle{empty}

\printtitle
\thispagestyle{empty}

{\large

{\vspace{0.5cm}\noindent\LARGE Navigieren in der blutigen See}

%% Calculate width for table of contents
\newlength{\toctextwidth}
\setlength{\toctextwidth}{\minof{0.8\linewidth}{\widthof{Kapitel 1: Irgendwo im Nirgendwo}}}

\vspace{0.5cm}\noindent\begin{supertabular}{p{\toctextwidth}p{0.1\toctextwidth}}
Kapitel 1: Irgendwo im Nirgendwo & \hfill\pageref{0Kapitel 1: Irgendwo im Nirgendwo} \\
Kapitel 2: Das Ziel der Reise & \hfill\pageref{1Kapitel 2: Das Ziel der Reise} \\
Kapitel 3: Landung & \hfill\pageref{2Kapitel 3: Landung} \\
\end{supertabular}
}

\vspace{0.5cm}



\noindent
\input{latex-body}
\clearpage



\IfFileExists{./license.tex}{
\input{license}
}{}

\end{document}