\documentclass[fontsize=10pt,]{scrreprt}

\usepackage{calc}
\usepackage[a5paper, heightrounded, hmarginratio=1:1, vmarginratio=1:1]{geometry}
\geometry{textheight=0.82\paperheight}

\usepackage{fontspec}

\usepackage{microtype}
\usepackage[ngerman]{babel}
\usepackage[german=guillemets]{csquotes}
\usepackage{changepage}
\usepackage[hidelinks]{hyperref}
\usepackage[absolute,overlay]{textpos}
\usepackage[export]{adjustbox} % loads also graphicx
\usepackage{caption}

\usepackage{scrlayer-scrpage}
\usepackage{supertabular}

%% font setup

%% main font
\usepackage{gentium}
\setmainfont{GentiumPlus}
\newfontfamily\boldfont{GentiumBasic}

%% license font
\usepackage{cabin}
\newfontfamily\licensefont{Cabin}

%% comments

\usepackage{ulem}

%% todonotes_config: draft, disable
\usepackage[disable, backgroundcolor=white, linecolor=black]{todonotes}

% mark text in draft mode
\makeatletter
\if@todonotes@disabled%
\newcommand{\wiggle}[1]{#1}
\else% \if@todonotes@disabled
\newcommand{\wiggle}[1]{%
   \uwave{#1}%
}
\fi
\makeatother

%% some handy commands

\newcommand{\storytitle}{Abenteuer in der blutigen See}
\newcommand{\storysubtitle}{Schatzsuche auf der Totenkopfinsel}
\newcommand{\storyhalftitle}{Abenteuer in der blutigen See}
\newcommand{\storyauthor}{Josa Wode}
\newcommand{\storychapter}{}%the current chapter (will be redefined for each chapter)
\newcommand{\isbn}{}

\newcommand{\printtitle}{\begin{center}
{\large \storyauthor}

\vspace{0.6cm}
{\huge \storytitle}

\vspace{0.3cm}
{\large \storysubtitle}
\end{center}
}

%% hypersetup

\hypersetup{
    %pdftoolbar=false,
    %pdfmenubar=false,
    pdftitle={Abenteuer in der blutigen See},
    pdfauthor={Josa Wode},
    pdfsubject={Pirat*innengeschichte},
    %pdfcreator={Josa Wode},
    pdfproducer={textstory-to-beautiful-latex-html},
    pdfkeywords={Geschichte, Piraterie, Seefahrt, Abenteuer},
    colorlinks=false,
    urlcolor=blue,
    linkcolor=black
}

%% header and footer

\clearscrheadfoot
\setkomafont{pageheadfoot}{\small\textit}
\ihead{\storytitle}
\chead{\thepage}
\ohead{\storychapter}


%% document

\begin{document}



\thispagestyle{empty}

\printtitle
\thispagestyle{empty}

{\large

{\vspace{0.5cm}\noindent\LARGE Navigieren in der blutigen See}

%% Calculate width for table of contents
\newlength{\toctextwidth}
\setlength{\toctextwidth}{\minof{0.8\linewidth}{\widthof{Wir haben oder könnten haben einen ultra langen super geschmeidigen bombastischen fanatisch fantastischen Titel der sich vielleicht über mehrere Zeilen erstreckt}}}

\vspace{0.5cm}\noindent\begin{supertabular}{p{\toctextwidth}p{0.1\toctextwidth}}
Kapitel 1: Irgendwo im Nirgendwo & \hfill\pageref{0Kapitel 1: Irgendwo im Nirgendwo} \\
Kapitel 2: Das Ziel der Reise & \hfill\pageref{1Kapitel 2: Das Ziel der Reise} \\
Kapitel 3: Landung & \hfill\pageref{2Kapitel 3: Landung} \\
4 & \hfill\pageref{34} \\
5 & \hfill\pageref{45} \\
6 & \hfill\pageref{56} \\
sieben & \hfill\pageref{6sieben} \\
nicht sieben & \hfill\pageref{7nicht sieben} \\
nicht sieben & \hfill\pageref{8nicht sieben} \\
10 & \hfill\pageref{910} \\
11 & \hfill\pageref{1011} \\
Wir haben oder könnten haben einen ultra langen super geschmeidigen bombastischen fanatisch fantastischen Titel der sich vielleicht über mehrere Zeilen erstreckt & \hfill\pageref{11Wir haben oder könnten haben einen ultra langen super geschmeidigen bombastischen fanatisch fantastischen Titel der sich vielleicht über mehrere Zeilen erstreckt} \\
13 & \hfill\pageref{1213} \\
x & \hfill\pageref{13x} \\
15 & \hfill\pageref{1415} \\
x & \hfill\pageref{15x} \\
x & \hfill\pageref{16x} \\
x & \hfill\pageref{17x} \\
x & \hfill\pageref{18x} \\
20 & \hfill\pageref{1920} \\
x & \hfill\pageref{20x} \\
x & \hfill\pageref{21x} \\
x & \hfill\pageref{22x} \\
x & \hfill\pageref{23x} \\
25 & \hfill\pageref{2425} \\
x & \hfill\pageref{25x} \\
x & \hfill\pageref{26x} \\
x & \hfill\pageref{27x} \\
x & \hfill\pageref{28x} \\
30 & \hfill\pageref{2930} \\
x & \hfill\pageref{30x} \\
x & \hfill\pageref{31x} \\
x & \hfill\pageref{32x} \\
x & \hfill\pageref{33x} \\
35 & \hfill\pageref{3435} \\
x & \hfill\pageref{35x} \\
x & \hfill\pageref{36x} \\
x & \hfill\pageref{37x} \\
x & \hfill\pageref{38x} \\
40 & \hfill\pageref{3940} \\
x & \hfill\pageref{40x} \\
x & \hfill\pageref{41x} \\
x & \hfill\pageref{42x} \\
x & \hfill\pageref{43x} \\
45 & \hfill\pageref{4445} \\
x & \hfill\pageref{45x} \\
x & \hfill\pageref{46x} \\
x & \hfill\pageref{47x} \\
x & \hfill\pageref{48x} \\
50 & \hfill\pageref{4950} \\
x & \hfill\pageref{50x} \\
x & \hfill\pageref{51x} \\
x & \hfill\pageref{52x} \\
x & \hfill\pageref{53x} \\
55 & \hfill\pageref{5455} \\
x & \hfill\pageref{55x} \\
x & \hfill\pageref{56x} \\
x & \hfill\pageref{57x} \\
x & \hfill\pageref{58x} \\
viel Text im Kapitel & \hfill\pageref{59viel Text im Kapitel} \\
x & \hfill\pageref{60x} \\
x & \hfill\pageref{61x} \\
x & \hfill\pageref{62x} \\
x & \hfill\pageref{63x} \\
65 & \hfill\pageref{6465} \\
Letztes Kapitel & \hfill\pageref{65Letztes Kapitel} \\
\end{supertabular}
}

\vspace{0.5cm}



\noindent
\input{latex-body}
\clearpage



\IfFileExists{./license.tex}{
\input{license}
}{}

\end{document}