<!doctype html>
<html class="no-js" lang="de">
<head>
<meta charset="utf-8">
<meta http-equiv="x-ua-compatible" content="ie=edge">
<title>Abenteuer in der blutigen See | Josa Wode</title>
<meta name="author" content="Josa Wode">
<meta name="description" content="Abenteuer in der blutigen See -- Schatzsuche auf der Totenkopfinsel -- eine Geschichte von Josa Wode">
<meta name="viewport" content="width=device-width, initial-scale=1">
<link rel="apple-touch-icon" href="apple-touch-icon.png">
<link rel="stylesheet" href="css/normalize.css">
<link rel="stylesheet" href="css/main.css">
<link rel="stylesheet" href="css/tufte.css">
<meta property="og:url" content="http://writing.fotoelectrics.de/documents/pirates-in-the-sea-of-blood/de/html/" />
<meta property="og:locale" content="de_DE" />
<meta property="og:site_name" content="http://writing.fotoelectrics.de" />
<meta property="og:type" content="article" />
<!-- http://ogp.me/#types -->
<meta property="og:title" content="Abenteuer in der blutigen See" />
<meta property="og:description" content="Abenteuer in der blutigen See -- Schatzsuche auf der Totenkopfinsel -- eine Geschichte von Josa Wode" />

<link href="./css/styles.css" rel="stylesheet">
<link href="./css/license-styles.css" rel="stylesheet">
</head>
<body>
<!--[if lt IE 8]>
    <p class="browserupgrade">You are using an <strong>outdated</strong> browser. Please <a href="http://browsehappy.com/">upgrade your browser</a> to improve your experience.</p>
<![endif]-->
<article>
<!--<img class="titleimage" src="img/title.png" alt="Sehr sehr gut, aber auch sehr sehr schlecht" />-->
<h1>Abenteuer in der blutigen See</h1>
<p class="subtitle">Schatzsuche auf der Totenkopfinsel</p>
<p class="subtitle">Josa Wode</p>
<section>
<h2>Kapitel 1: Irgendwo im Nirgendwo</h2>
</section>


<section>
<h2>Kapitel 2: Das Ziel der Reise</h2>
</section>


<section>
<h2>Kapitel 3: Landung</h2>
</section>


<section>
<h2>4</h2>

<h2>5</h2>

<h2>6</h2>

<h2>sieben</h2>

<h2>nicht sieben</h2>

<h2>nicht sieben</h2>

<h2>10</h2>

<h2>11</h2>

<h2>Wir haben oder könnten haben einen ultra langen super geschmeidigen bombastischen fanatisch fantastischen Titel der sich vielleicht über mehrere Zeilen erstreckt</h2>

<h2>13</h2>

<h2>x</h2>

<h2>15</h2>

<h2>x</h2>

<h2>x</h2>

<h2>x</h2>

<h2>x</h2>

<h2>20</h2>

<h2>x</h2>

<h2>x</h2>

<h2>x</h2>

<h2>x</h2>

<h2>25</h2>

<h2>x</h2>

<h2>x</h2>

<h2>x</h2>

<h2>x</h2>

<h2>30</h2>

<h2>x</h2>

<h2>x</h2>

<h2>x</h2>

<h2>x</h2>

<h2>35</h2>

<h2>x</h2>

<h2>x</h2>

<h2>x</h2>

<h2>x</h2>

<h2>40</h2>

<h2>x</h2>

<h2>x</h2>

<h2>x</h2>

<h2>x</h2>

<h2>45</h2>

<h2>x</h2>

<h2>x</h2>

<h2>x</h2>

<h2>x</h2>

<h2>50</h2>

<h2>x</h2>

<h2>x</h2>

<h2>x</h2>

<h2>x</h2>

<h2>55</h2>

<h2>x</h2>

<h2>x</h2>

<h2>x</h2>

<h2>x</h2>

<h2>viel Text im Kapitel</h2>
</section>


<section>
<p>Die Seitenzahlen sollen zweistellig werden:</p>
</section>


<section>
<p>Doch genug von mir. Ich möchte von einer Entdeckung berichten, die ich gestern gemacht habe und die verspricht, dass die Dinge bald wieder sehr aufregend werden. Nach dem Morgenappell hatte meine Kapitänin mich zu sich bestellt. Was sie von mir wollte, ist mir dabei nicht klar geworden, doch ich konnte nicht umhin die Papiere und Karten auf ihrem mächtigen Schreibtisch zu bemerken &ndash; ein Segen (oder Fluch?) des Lesens mächtig zu sein. Besonders ein mitgenommen aussehendes Schriftstück bannte meine Aufmerksamkeit. War das eine Wegbeschreibung? Reime? Als Mahera meines Blickes gewahr wurde, verdeckte sie rasch das Schriftstück und eine Seekarte, auf der ein Kurs verzeichnet war. Mit einem Mal war sie nur noch kurz angebunden und entließ mich bald wieder. Dieses Verhalten deckte sich mit ihrer Geheimniskrämerei der letzten Zeit und stand ganz im Kontrast zu ihrer sonst so offenen Art, bei der sie häufig die Besatzung in Entscheidungen einband.</p>

<p class="indent">Meine Neugier war geweckt. Ich versuchte mich den Tag über mit besonderem Fleiß in meine Aufgaben zu stürzen, doch gelang es mir kaum, mich abzulenken, zumal es gerade ohnehin nicht viel zu tun gab. Mir war bewusst, was für einen Vertrauensbruch ich da ausgeheckt hatte und welchem Risiko ich mich damit aussetzte, doch ich konnte einfach nicht anders. Ich wartete noch bis zum Einbruch der Dunkelheit, um die Gefahr der Entdeckung zu verringern, dann begab ich mich auf das Achterdeck (hier bei uns herrschen nicht so strenge Regeln wie auf den Schiffen der Kriegsmarine). Ich versuchte, so beiläufig und unauffällig wie möglich dabei auszusehen, doch hatte ich das Gefühl mein Vorhaben stünde mir in riesigen Lettern auf die Stirn gedruckt (mal angenommen, die Meisten hier könnten lesen). Mein Herz pochte und meine Hände hinterließen schwitzige Abdrücke an der Reling. In einer missglückten Imitation völliger Gelassenheit lehnte ich mich im hinteren Teil des Achterdecks angekommen an eben diese. Von hier konnte ich das derzeit sehr gemächliche Treiben der anderen beobachten und versuchen, neuen Mut zu schöpfen. Gerade hatte ich mich etwas gefangen, da schreckte mich eine Stimme aus meinen Gedanken hoch. Ich hatte den alten McNolte &ndash; niemand wusste seinen Vornamen, vermutlich nicht einmal er selbst &ndash; nicht kommen sehen. »Alles in Ordnung mit dir? Siehst etwas mitgenommen aus.«</p>

<p class="indent">»Hab nur ein bisschen viel getrunken und brauche 'nen Moment.«, murmelte ich. Da lachte der Alte und stakte auf seinem Holzbein davon. »Wärst lieber beim Rum geblieben, das Wasser ist echt die Seuche!«</p>

<p class="indent">Beinahe hätte ich auch gelacht.</p>

<p class="indent">Jedenfalls war die Luft nun rein und ich nutzte meine Gelegenheit. Da sonst die Takelage mein bevorzugter Aufenthaltsort war, bereitete es mir keine größeren Schwierigkeiten an der griffigen verzierten Bordwand hinabzuklettern und einen Blick durch die Fenster der Kapitänskajüte zu erhaschen.</p>

<p class="indent">Ich sah Kapitänin Mahera an ihrem Schreibtisch über das kuriose Schriftstück gebeugt. Auch die Karte war wieder aufgedeckt. Das Schriftstück würde ich so nicht lesen können. Auf der Karte erkannte ich unseren aktuellen Kurs. Doch war in Rot eine Abweichung verzeichnet. Die rote Linie machte einen Schlenker in Richtung der westafrikanischen Küste. Die Kursänderung konnte nicht weit von unserer derzeitigen Position sein. Vielleicht waren wir sogar schon auf dem abweichenden Kurs. Auf der alternativen Route war eine Stelle mit einem <strong>X</strong> versehen. Mitten im Meer? Was sollte da so besonders sein? Daneben stand etwas geschrieben. Ich musste mich stark konzentrieren, um Maheras geschwungene Handschrift entziffern zu können, doch dann hatte ich es: Totenkopfinsel. Sollte sich dort eine nicht kartierte Insel befinden? Dann konnte sie wahrlich nicht groß sein. Doch was wollte Mahera dort? Wieso hatte sie uns bisher nichts davon verraten? Und warum zur Hölle trug die Insel diesen Namen?</p>

<p class="indent">Es half alles nichts, ich musste erfahren, was auf dem geheimnisvollen Schriftstück stand. Vielleicht würde es mir in der Nacht gelingen, wenn Mahera schlief. Zunächst kletterte ich wieder an Deck. Es fiel mir schwer, abzuwarten und der restliche Abend wurde zur Qual. Obwohl ich noch nicht gegessen hatte, brachte ich keinen Happen herunter. Ich war auch nicht in der Stimmung, mich mit den anderen zu unterhalten, daher hielt ich mich abseits. Das Warten wurde dadurch nur noch zäher.</p>

<p class="indent">Irgendwann war es endlich so spät, dass ich beschloss, ein weiteres Mal mein Glück zu versuchen. Und es blieb mir treu. Mahera schien tief und fest zu schlafen. Der Wärme der hiesigen Nächte zum Dank hatte sie die Läden nicht verschlossen. Vorsichtig ließ ich mich herab und schlich zum Schreibtisch. Das fragliche Dokument lag noch an Ort und Stelle, sodass ich es gleich fand, doch war es im Dunkel der Kajüte schwierig zu entziffern. Ich hielt es vor das Fenster ins Mondlicht und kämpfte mich Wort für Wort voran. Ich hatte das Gefühl, dass es eine halbe Ewigkeit dauerte, doch Mahera blieb ruhig und ich wollte nicht so kurz vor dem Ziel aufgeben.</p>

<p class="indent">Endlich war es geschafft und meine erste Vermutung bewahrheitete sich:</p>
</section>


<section>
<p><em>Fahre ein ins Maul des Todes sacht</p>

<p class="indent">Empor an Messers Schneide</p>
</section>


<section>
<p>Am toten Baum der Affen Acht</p>

<p class="indent">Wo ist die Hand aus Kreide</p>
</section>


<section>
<p>Nimm Rat bei dem der Ehrfurcht hat</p>

<p class="indent">Find glänzendes Geschmeide</em></p>
</section>


<section>
<p>Ein Schatz! Das war es also, hinter dem Mahera her war. Und vermutlich wollte sie die Beute ganz für sich behalten, weswegen niemand an Bord eingeweiht war &ndash; oder hatte sie sich für einen Teil der Beute Unterstützung und Stillschweigen erkauft?</p>

<p class="indent">Fibrig brannte die Aufregung in mir, gepaart mit der Enttäuschung über unsere wider Erwarten selbstsüchtige Kapitänin. Beinahe hätte ich laut aufgeschrien.</p>

<p class="indent">Mühsam beherrscht legte ich das Schriftstück zurück und verließ den Raum durch das Fenster.</p>

<p class="indent">Was sollte ich tun? Konnte ich mich der übrigen Besatzung anvertrauen? Was würden sie über mich denken? Ein falsches Wort zur falschen Zeit konnte schnell mein Ende bedeuten. Also entscheide ich mich für Schweigen.</p>
</section>


<section>
<p>Doch genug von mir. Ich möchte von einer Entdeckung berichten, die ich gestern gemacht habe und die verspricht, dass die Dinge bald wieder sehr aufregend werden. Nach dem Morgenappell hatte meine Kapitänin mich zu sich bestellt. Was sie von mir wollte, ist mir dabei nicht klar geworden, doch ich konnte nicht umhin die Papiere und Karten auf ihrem mächtigen Schreibtisch zu bemerken &ndash; ein Segen (oder Fluch?) des Lesens mächtig zu sein. Besonders ein mitgenommen aussehendes Schriftstück bannte meine Aufmerksamkeit. War das eine Wegbeschreibung? Reime? Als Mahera meines Blickes gewahr wurde, verdeckte sie rasch das Schriftstück und eine Seekarte, auf der ein Kurs verzeichnet war. Mit einem Mal war sie nur noch kurz angebunden und entließ mich bald wieder. Dieses Verhalten deckte sich mit ihrer Geheimniskrämerei der letzten Zeit und stand ganz im Kontrast zu ihrer sonst so offenen Art, bei der sie häufig die Besatzung in Entscheidungen einband.</p>

<p class="indent">Meine Neugier war geweckt. Ich versuchte mich den Tag über mit besonderem Fleiß in meine Aufgaben zu stürzen, doch gelang es mir kaum, mich abzulenken, zumal es gerade ohnehin nicht viel zu tun gab. Mir war bewusst, was für einen Vertrauensbruch ich da ausgeheckt hatte und welchem Risiko ich mich damit aussetzte, doch ich konnte einfach nicht anders. Ich wartete noch bis zum Einbruch der Dunkelheit, um die Gefahr der Entdeckung zu verringern, dann begab ich mich auf das Achterdeck (hier bei uns herrschen nicht so strenge Regeln wie auf den Schiffen der Kriegsmarine). Ich versuchte, so beiläufig und unauffällig wie möglich dabei auszusehen, doch hatte ich das Gefühl mein Vorhaben stünde mir in riesigen Lettern auf die Stirn gedruckt (mal angenommen, die Meisten hier könnten lesen). Mein Herz pochte und meine Hände hinterließen schwitzige Abdrücke an der Reling. In einer missglückten Imitation völliger Gelassenheit lehnte ich mich im hinteren Teil des Achterdecks angekommen an eben diese. Von hier konnte ich das derzeit sehr gemächliche Treiben der anderen beobachten und versuchen, neuen Mut zu schöpfen. Gerade hatte ich mich etwas gefangen, da schreckte mich eine Stimme aus meinen Gedanken hoch. Ich hatte den alten McNolte &ndash; niemand wusste seinen Vornamen, vermutlich nicht einmal er selbst &ndash; nicht kommen sehen. »Alles in Ordnung mit dir? Siehst etwas mitgenommen aus.«</p>

<p class="indent">»Hab nur ein bisschen viel getrunken und brauche 'nen Moment.«, murmelte ich. Da lachte der Alte und stakte auf seinem Holzbein davon. »Wärst lieber beim Rum geblieben, das Wasser ist echt die Seuche!«</p>

<p class="indent">Beinahe hätte ich auch gelacht.</p>

<p class="indent">Jedenfalls war die Luft nun rein und ich nutzte meine Gelegenheit. Da sonst die Takelage mein bevorzugter Aufenthaltsort war, bereitete es mir keine größeren Schwierigkeiten an der griffigen verzierten Bordwand hinabzuklettern und einen Blick durch die Fenster der Kapitänskajüte zu erhaschen.</p>

<p class="indent">Ich sah Kapitänin Mahera an ihrem Schreibtisch über das kuriose Schriftstück gebeugt. Auch die Karte war wieder aufgedeckt. Das Schriftstück würde ich so nicht lesen können. Auf der Karte erkannte ich unseren aktuellen Kurs. Doch war in Rot eine Abweichung verzeichnet. Die rote Linie machte einen Schlenker in Richtung der westafrikanischen Küste. Die Kursänderung konnte nicht weit von unserer derzeitigen Position sein. Vielleicht waren wir sogar schon auf dem abweichenden Kurs. Auf der alternativen Route war eine Stelle mit einem <strong>X</strong> versehen. Mitten im Meer? Was sollte da so besonders sein? Daneben stand etwas geschrieben. Ich musste mich stark konzentrieren, um Maheras geschwungene Handschrift entziffern zu können, doch dann hatte ich es: Totenkopfinsel. Sollte sich dort eine nicht kartierte Insel befinden? Dann konnte sie wahrlich nicht groß sein. Doch was wollte Mahera dort? Wieso hatte sie uns bisher nichts davon verraten? Und warum zur Hölle trug die Insel diesen Namen?</p>

<p class="indent">Es half alles nichts, ich musste erfahren, was auf dem geheimnisvollen Schriftstück stand. Vielleicht würde es mir in der Nacht gelingen, wenn Mahera schlief. Zunächst kletterte ich wieder an Deck. Es fiel mir schwer, abzuwarten und der restliche Abend wurde zur Qual. Obwohl ich noch nicht gegessen hatte, brachte ich keinen Happen herunter. Ich war auch nicht in der Stimmung, mich mit den anderen zu unterhalten, daher hielt ich mich abseits. Das Warten wurde dadurch nur noch zäher.</p>

<p class="indent">Irgendwann war es endlich so spät, dass ich beschloss, ein weiteres Mal mein Glück zu versuchen. Und es blieb mir treu. Mahera schien tief und fest zu schlafen. Der Wärme der hiesigen Nächte zum Dank hatte sie die Läden nicht verschlossen. Vorsichtig ließ ich mich herab und schlich zum Schreibtisch. Das fragliche Dokument lag noch an Ort und Stelle, sodass ich es gleich fand, doch war es im Dunkel der Kajüte schwierig zu entziffern. Ich hielt es vor das Fenster ins Mondlicht und kämpfte mich Wort für Wort voran. Ich hatte das Gefühl, dass es eine halbe Ewigkeit dauerte, doch Mahera blieb ruhig und ich wollte nicht so kurz vor dem Ziel aufgeben.</p>

<p class="indent">Endlich war es geschafft und meine erste Vermutung bewahrheitete sich:</p>
</section>


<section>
<p><em>Fahre ein ins Maul des Todes sacht</p>

<p class="indent">Empor an Messers Schneide</p>
</section>


<section>
<p>Am toten Baum der Affen Acht</p>

<p class="indent">Wo ist die Hand aus Kreide</p>
</section>


<section>
<p>Nimm Rat bei dem der Ehrfurcht hat</p>

<p class="indent">Find glänzendes Geschmeide</em></p>
</section>


<section>
<p>Ein Schatz! Das war es also, hinter dem Mahera her war. Und vermutlich wollte sie die Beute ganz für sich behalten, weswegen niemand an Bord eingeweiht war &ndash; oder hatte sie sich für einen Teil der Beute Unterstützung und Stillschweigen erkauft?</p>

<p class="indent">Fibrig brannte die Aufregung in mir, gepaart mit der Enttäuschung über unsere wider Erwarten selbstsüchtige Kapitänin. Beinahe hätte ich laut aufgeschrien.</p>

<p class="indent">Mühsam beherrscht legte ich das Schriftstück zurück und verließ den Raum durch das Fenster.</p>

<p class="indent">Was sollte ich tun? Konnte ich mich der übrigen Besatzung anvertrauen? Was würden sie über mich denken? Ein falsches Wort zur falschen Zeit konnte schnell mein Ende bedeuten. Also entscheide ich mich für Schweigen.</p>
</section>


<section>
<h2>x</h2>

<h2>x</h2>

<h2>x</h2>

<h2>x</h2>

<h2>65</h2>

<h2>Letztes Kapitel</h2>
</section>
<div class="license">
<h1>Lizenzangaben</h1>
<img src="img/cc.png" alt="Creative Commons" />
<img src="img/by.png" alt="by - credit author" />
<img src="img/nc-eu.png" alt="nc - non-commercial" />
<img src="img/sa.png" alt="sa - license under identical terms" />
<br />
<br />
<p>
Except where otherwise noted, this work is licensed under <a href="http://creativecommons.org/licenses/by-nc-sa/3.0">http://creativecommons.org/licenses/by-nc-sa/3.0</a>
</p>
<br />
<p>
Dieses Werk ist unter einer Creative Commons Lizenz vom Typ Namensnennung - Nicht-kommerziell - Weitergabe unter gleichen Bedingungen 3.0 Unported zugänglich. Um eine Kopie dieser Lizenz einzusehen, konsultieren Sie <a href="http://creativecommons.org/licenses/by-nc-sa/3.0/">http://creativecommons.org/licenses/by-nc-sa/3.0/</a> oder wenden Sie sich brieflich an Creative Commons, Postfach 1866, Mountain View, California, 94042, USA.
</p>
<p>
Das Werk bzw. der Inhalt darf vervielfältigt, verbreitet und öffentlich
zugänglich gemacht werden und es können Abwandlungen und Bearbeitungen des
Werkes bzw. des Inhalts angefertigt werden, solange die folgenden Bedingungen
eingehalten werden:
</p>
<ul>
<li><p>Namensnennung: Es müssen angemessene Urheber- und Rechteangaben gemacht, ein Link zur Lizenz beigefügt und angegeben werden, ob Änderungen vorgenommen wurden. Diese Angaben dürfen in jeder angemessenen Art und Weise gemacht werden, allerdings nicht so, dass der Eindruck entsteht, der Lizenzgeber unterstütze gerade Sie oder Ihre Nutzung besonders.</p></li>
<li><p>Nicht kommerziell: Das Material darf nicht für kommerzielle Zwecke genutzt werden.</p></li>
<li><p>Weitergabe unter gleichen Bedingungen: Wird das Material verändert oder anderweitig direkt darauf aufgebaut, dürfen die abgeleiteten Beiträge nur unter derselben Lizenz wie das Original verbreitet werden.</p></li>
</ul>
<p>
Der vollständige Lizenzvertrag ist unter folgender URL zu finden:<br />
<a href="http://creativecommons.org/licenses/by-nc-sa/3.0/deed.de">http://creativecommons.org/licenses/by-nc-sa/3.0/deed.de</a>
</p>
</div>
</article>
<!--
<script>
    (function(b,o,i,l,e,r){b.GoogleAnalyticsObject=l;b[l]||(b[l]=
    function(){(b[l].q=b[l].q||[]).push(arguments)});b[l].l=+new Date;
    e=o.createElement(i);r=o.getElementsByTagName(i)[0];
    e.src='https://www.google-analytics.com/analytics.js';
    r.parentNode.insertBefore(e,r)}(window,document,'script','ga'));
    ga('create','UA-XXXXX-X','auto');ga('send','pageview');
</script>
-->
</body>
</html>